<map version="freeplane 1.9.13">
<!--To view this file, download free mind mapping software Freeplane from https://www.freeplane.org -->
<node TEXT="A" FOLDED="false" POSITION="left" ID="ID_190056977" LINK="test-side.mm">
<hook NAME="accessories/plugins/AutomaticLayout.properties" VALUE="ALL"/>
<hook NAME="MapStyle" background="#3c3836">
    <conditional_styles>
        <conditional_style ACTIVE="true" STYLE_REF="Style4" LAST="false">
            <node_contains_condition VALUE="XYZ" ITEM="filter_node"/>
        </conditional_style>
    </conditional_styles>
    <properties show_icon_for_attributes="true" edgeColorConfiguration="#808080ff,#ff0000ff,#0000ffff,#00ff00ff,#ff00ffff,#00ffffff,#7c0000ff,#00007cff,#007c00ff,#7c007cff,#007c7cff,#7c7c00ff" show_note_icons="true" associatedTemplateLocation="template:/dark_gruvbox_template.mm" fit_to_viewport="false"/>

<map_styles>
<stylenode LOCALIZED_TEXT="styles.root_node" STYLE="oval" UNIFORM_SHAPE="true" VGAP_QUANTITY="24 pt">
<font SIZE="24"/>
<stylenode LOCALIZED_TEXT="styles.predefined" POSITION="right" STYLE="bubble">
<stylenode LOCALIZED_TEXT="default" ID="ID_602083445" ICON_SIZE="12 pt" FORMAT_AS_HYPERLINK="false" COLOR="#3c3836" BACKGROUND_COLOR="#fbf1c7" STYLE="bubble" SHAPE_HORIZONTAL_MARGIN="8 pt" SHAPE_VERTICAL_MARGIN="5 pt" NUMBERED="false" FORMAT="STANDARD_FORMAT" TEXT_ALIGN="DEFAULT" BORDER_WIDTH_LIKE_EDGE="false" BORDER_WIDTH="1.9 px" BORDER_COLOR_LIKE_EDGE="true" BORDER_COLOR="#f0f0f0" BORDER_DASH_LIKE_EDGE="true" BORDER_DASH="SOLID" VGAP_QUANTITY="3 pt" CHILD_NODES_ALIGNMENT="BY_CENTER" MAX_WIDTH="10 cm" MIN_WIDTH="0 cm">
<arrowlink SHAPE="CUBIC_CURVE" COLOR="#a89984" WIDTH="2" TRANSPARENCY="255" DASH="" FONT_SIZE="9" FONT_FAMILY="SansSerif" DESTINATION="ID_602083445" STARTINCLINATION="102.75 pt;-14.25 pt;" ENDINCLINATION="102.75 pt;3 pt;" STARTARROW="NONE" ENDARROW="DEFAULT"/>
<font NAME="SansSerif" SIZE="11" BOLD="false" STRIKETHROUGH="false" ITALIC="false"/>
<edge STYLE="bezier" COLOR="#93a1a1" WIDTH="3" DASH="SOLID"/>
<richcontent CONTENT-TYPE="plain/auto" TYPE="DETAILS"/>
<richcontent TYPE="NOTE" CONTENT-TYPE="plain/auto"/>
</stylenode>
<stylenode LOCALIZED_TEXT="defaultstyle.details"/>
<stylenode LOCALIZED_TEXT="defaultstyle.attributes">
<font SIZE="9"/>
</stylenode>
<stylenode LOCALIZED_TEXT="defaultstyle.note" TEXT_ALIGN="LEFT"/>
<stylenode LOCALIZED_TEXT="defaultstyle.floating">
<edge STYLE="hide_edge"/>
<cloud COLOR="#f0f0f0" SHAPE="ROUND_RECT"/>
</stylenode>
<stylenode LOCALIZED_TEXT="defaultstyle.selection" COLOR="#ffffff" BACKGROUND_COLOR="#458588" BORDER_COLOR_LIKE_EDGE="false" BORDER_COLOR="#458588"/>
</stylenode>
<stylenode LOCALIZED_TEXT="styles.user-defined" POSITION="right" STYLE="bubble">
<stylenode LOCALIZED_TEXT="styles.important" ID="ID_749235638" BORDER_WIDTH="3 px" BORDER_COLOR_LIKE_EDGE="false" BORDER_COLOR="#cc241d">
<icon BUILTIN="yes"/>
<arrowlink COLOR="#cc241d" TRANSPARENCY="255" DESTINATION="ID_749235638"/>
<font SIZE="12" ITALIC="false"/>
</stylenode>
<stylenode TEXT="Style1">
<icon BUILTIN="emoji-2640"/>
</stylenode>
<stylenode TEXT="Style2">
<icon BUILTIN="emoji-2642"/>
</stylenode>
<stylenode TEXT="Style3">
<icon BUILTIN="back"/>
</stylenode>
<stylenode TEXT="Style4">
<icon BUILTIN="forward"/>
</stylenode>
<stylenode TEXT="Style5" COLOR="#ff99ff" BACKGROUND_COLOR="#660066"/>
<stylenode TEXT="Style6"/>
<stylenode TEXT="Style7"/>
<stylenode TEXT="Style8"/>
<stylenode TEXT="Style9"/>
</stylenode>
<stylenode LOCALIZED_TEXT="styles.AutomaticLayout" POSITION="right" STYLE="bubble">
<stylenode LOCALIZED_TEXT="AutomaticLayout.level.root" COLOR="#fdf6e3" BACKGROUND_COLOR="#282828" STYLE="bubble" SHAPE_HORIZONTAL_MARGIN="10 pt" SHAPE_VERTICAL_MARGIN="10 pt" BORDER_WIDTH="3.1 px" BORDER_COLOR_LIKE_EDGE="true" BORDER_COLOR="#2c2b29" BORDER_DASH_LIKE_EDGE="true">
<font NAME="Ubuntu" SIZE="18"/>
</stylenode>
<stylenode LOCALIZED_TEXT="AutomaticLayout.level,1" COLOR="#282828" BACKGROUND_COLOR="#fbf1c7" STYLE="bubble" SHAPE_HORIZONTAL_MARGIN="8 pt" SHAPE_VERTICAL_MARGIN="5 pt" BORDER_COLOR="#2c2b29">
<font NAME="Ubuntu" SIZE="16"/>
</stylenode>
<stylenode LOCALIZED_TEXT="AutomaticLayout.level,2" COLOR="#282828" BACKGROUND_COLOR="#ebdbb2" STYLE="bubble" SHAPE_HORIZONTAL_MARGIN="8 pt" SHAPE_VERTICAL_MARGIN="5 pt" BORDER_COLOR_LIKE_EDGE="true" BORDER_COLOR="#f0f0f0">
<font SIZE="14"/>
</stylenode>
<stylenode LOCALIZED_TEXT="AutomaticLayout.level,3" COLOR="#282828" BACKGROUND_COLOR="#d79921" STYLE="bubble" SHAPE_HORIZONTAL_MARGIN="8 pt" SHAPE_VERTICAL_MARGIN="5 pt" BORDER_COLOR_LIKE_EDGE="true" BORDER_COLOR="#f0f0f0">
<font SIZE="12"/>
</stylenode>
<stylenode LOCALIZED_TEXT="AutomaticLayout.level,4" COLOR="#ffffff" BACKGROUND_COLOR="#98971a" BORDER_COLOR_LIKE_EDGE="true" BORDER_COLOR="#f0f0f0">
<font SIZE="11"/>
</stylenode>
<stylenode LOCALIZED_TEXT="AutomaticLayout.level,5" COLOR="#ffffff" BACKGROUND_COLOR="#b16286" BORDER_COLOR_LIKE_EDGE="true" BORDER_COLOR="#f0f0f0">
<font SIZE="11"/>
</stylenode>
<stylenode LOCALIZED_TEXT="AutomaticLayout.level,6" COLOR="#ffffff" BACKGROUND_COLOR="#689d6a" BORDER_COLOR_LIKE_EDGE="true" BORDER_COLOR="#f0f0f0">
<font SIZE="10"/>
</stylenode>
<stylenode LOCALIZED_TEXT="AutomaticLayout.level,7" COLOR="#ffffff" BACKGROUND_COLOR="#a89984" BORDER_COLOR="#f0f0f0">
<font SIZE="10"/>
</stylenode>
<stylenode LOCALIZED_TEXT="AutomaticLayout.level,8" BACKGROUND_COLOR="#ebdbb2" BORDER_COLOR="#f0f0f0">
<font SIZE="10"/>
</stylenode>
<stylenode LOCALIZED_TEXT="AutomaticLayout.level,9" BORDER_COLOR="#f0f0f0" BACKGROUND_COLOR="#ebdbb2">
<font SIZE="10"/>
</stylenode>
<stylenode LOCALIZED_TEXT="AutomaticLayout.level,10" BORDER_COLOR="#f0f0f0">
<font SIZE="9"/>
</stylenode>
</stylenode>
</stylenode>
</map_styles>
</hook>
<node TEXT="B" ID="ID_336387774">
<hook NAME="NodeConditionalStyles">
    <conditional_style ACTIVE="true" STYLE_REF="Style4" LAST="false"/>
</hook>
<node TEXT="C1 right" STYLE_REF="Style2" ID="ID_1331015551">
<node TEXT="D1" STYLE_REF="Style5" ID="ID_906009733"/>
</node>
<node TEXT="C2 left" STYLE_REF="Style1" ID="ID_1878547655">
<node TEXT=" D2" ID="ID_1065302573"/>
<node ID="ID_745943307"><richcontent TYPE="NODE">

<html>
  <head>

  </head>
  <body>
    <p>
      A <b>B</b>&nbsp;<i>C</i>&nbsp;D
    </p>
  </body>
</html>
</richcontent>
</node>
</node>
</node>
</node>
</map>
